[www.chsi.com.cn/xlcx/bg1a82.html]
[backblue.gif]
[fade.gif]
[index.html]
[t3.chei.com.cn/chsi/css/common2014a0a3.css]
[t1.chei.com.cn/common/jquery/1.5.1/jquery.min.js]
[t2.chei.com.cn/chsi/css/report/new-add.css]
[t1.chei.com.cn/common/js/boomerang-min-20141211.js]
[t1.chei.com.cn/common/wap/images/share_xxw.jpg]
[www.chsi.com.cn/xlcx/index.html]
[www.chsi.com.cn/xlcx/bgcx.html]
[www.chsi.com.cn/xlcx/bgys.html]
[www.chsi.com.cn/xlcx/fwcs.html]
[www.chsi.com.cn/xlcx/yzzw.html]
[www.chsi.com.cn/xlcx/tdhyt.html]
[www.chsi.com.cn/xlcx/rhsq.html]
[www.chsi.com.cn/xlcx/rhsy.html]
[www.chsi.com.cn/xlcx/rhyq.html]
[www.chsi.com.cn/xlcx/tbsm.html]
[t1.chei.com.cn/chsi/images/2014/zhaopin90ef.jpg]
[www.chsi.com.cn/xlcx/bgc94d.html]
[www.chsi.com.cn/report/img/057735c52e228c17689c660100598f4325e350280a.png]
[www.chsi.com.cn/xlcx/%E5%AD%A6%E4%BF%A1%E4%BA%8C%E7%BB%B4%E7%A0%81d583.png]
[www.chsi.com.cn/report/img/057735c52x228c17689c660100598f4325e350280a.jpg]
[t1.chsi.com.cn/chsi/images/report/xj/photo_cn_by.jpg]
[www.chsi.com.cn/report/img/057735c52j228c17689c660100598f4325e350280a.jpg]
[t3.chei.com.cn/chsi/images/yzbg/mini-program.jpg]
[t1.chei.com.cn/chsi/images/yzbg/mini01.png]
[www.chsi.com.cn/report/img/057735c52q228c17689c660100598f4325e350280a.jpg]
[t2.chei.com.cn/chsi/images/yzbg/mini02.png]
[t1.chei.com.cn/chsi/images/logoe8fb.png]
[t3.chei.com.cn/chsi/js/util.js]
[www.chsi.com.cn/xlcx/bg1a82.html]
[t1.chei.com.cn/chsi/js/report/send_email_cn_1.0.0.js]
[t3.chei.com.cn/chsi/images/2014/logo.png]
[t3.chei.com.cn/chsi/images/2014/logo2x.png]
[t3.chei.com.cn/chsi/images/2014/title4905.png]
[t3.chei.com.cn/chsi/images/2014/title2x4905.png]
[t3.chei.com.cn/chsi/images/2014/vline.gif]
[t3.chei.com.cn/chsi/images/2014/icon_list.png]
[t3.chei.com.cn/chsi/images/2014/print.png]
[t3.chei.com.cn/chsi/css/common2014a0a3.css]
[t1.chei.com.cn/common/jquery/1.5.1/jquery.min.js]
[t2.chei.com.cn/chsi/images/report/xw/xwpdf_bg.jpg]
[t2.chei.com.cn/chsi/css/report/new-add.css]
[www.chsi.com.cn/xlcx/dns.t]
[t1.chei.com.cn/common/js/boomerang-min-20141211.js]
[www.chsi.com.cn/xlcx/path=/index.html]
[t1.chei.com.cn/common/css/share.css]
[t1.chei.com.cn/common/js/snsshare.js]
[t4.chei.com.cn/chsi/images/2014/index_icon.png]
[www.chsi.com.cn/xlcx/lscx/query.html]
[www.chsi.com.cn/xlcx/200710/20071019/1407132.html]
[www.chsi.com.cn/xlcx/index.html]
[www.chsi.com.cn/xlcx/xlcs.html]
[www.chsi.com.cn/xlcx/ybdb.html]
[www.chsi.com.cn/xlcx/bgcx.html]
[t3.chei.com.cn/chsi/js/leftMenu.js]
[t1.chei.com.cn/common/wap/js/wap.min.js]
[t1.chei.com.cn/chsi/images/bgicon.gif]
[www.chsi.com.cn/xlcx/yb_bgys.html]
[t3.chei.com.cn/chsi/images/yzbg/bgys1f737.jpg]
[t2.chei.com.cn/chsi/images/yzbg/bgys2f737.jpg]
[t4.chei.com.cn/chsi/images/yzbg/bgys1f737.jpg]
[www.chsi.com.cn/xlcx/yb_bgys_xj.html]
[t2.chei.com.cn/chsi/images/yzbg/bgys_xj1f737.png]
[t3.chei.com.cn/chsi/images/yzbg/bgys_xj2f737.jpg]
[www.chsi.com.cn/xlcx/bgys.html]
[www.chsi.com.cn/xlcx/fwcs.html]
[t1.chei.com.cn/common/js/gototop2.0.js]
[t3.chei.com.cn/chsi/images/yzzw1.jpg]
[www.chsi.com.cn/xlcx/yzzw.html]
[www.chsi.com.cn/xlcx/tdhyt.html]
[www.chsi.com.cn/xlcx/rhsq.html]
[t4.chei.com.cn/chsi/images/yzbg/rhsy-new_01f737.jpg]
[t3.chei.com.cn/chsi/images/yzbg/rhsy-new_02f737.jpg]
[t4.chei.com.cn/chsi/images/yzbg/rhsy-new_03f737.jpg]
[t1.chei.com.cn/chsi/images/yzbg/rhsy-new_04f737.jpg]
[t2.chei.com.cn/chsi/images/yzbg/rhsy-new_05f737.jpg]
[www.chsi.com.cn/xlcx/rhsy.html]
[www.chsi.com.cn/xlcx/rhyq.html]
[www.chsi.com.cn/xlcx/dzzcgd.html]
[www.chsi.com.cn/xlcx/tbsm.html]
[www.chsi.com.cn/xlcx/bgc94d.html]
[t3.chei.com.cn/chsi/js/util.js]
[www.chsi.com.cn/xlcx/xsglgd.html]
[www.chsi.com.cn/xlcx/GET]
[t1.chei.com.cn/chsi/js/report/send_email_cn_1.0.0.js]
[www.chsi.com.cn/xlcx/path=/index.html]
[www.chsi.com.cn/xlcx/dns.html]
[t1.chei.com.cn/common/images/share166d.png]
[t1.chei.com.cn/common/css/share.css]
[t1.chsi.com.cn/common/images/shareto.png]
[t1.chei.com.cn/common/js/snsshare.js]
[t4.chei.com.cn/chsi/css/common2014b2e3.css]
[t1.chei.com.cn/chsi/xlcx/lscx/css/min/lscx.minbead.css]
[t1.chei.com.cn/common/plugins/dialog/6.0.5/css/ui-dialogb2e3.css]
[t1.chei.com.cn/common/jquery/1.9.1/jquery.min.js]
[t1.chei.com.cn/common/plugins/dialog/6.0.5/dialog-min.js]
[t1.chei.com.cn/common/plugins/validation/jquery.validate.min.js]
[www.chsi.com.cn/xlcx/lscx/captchimagecreateaction9d10.jpg]
[t4.chei.com.cn/chsi/xlcx/lscx/js/form-validation.js]
[www.chsi.com.cn/xlcx/lscx/query.html]
[t1.chei.com.cn/chsi/css/news-1.0.1.min.css]
[t2.chei.com.cn/chsi/xlcx/lscx/js/show-tips.js]
[www.chsi.com.cn/xlcx/images/200710/xjzc_2.jpg]
[t1.chei.com.cn/common/jquery/1.8.3/jquery.min.js]
[www.chsi.com.cn/xlcx/images/200710/xjzc_1.jpg]
[t1.chei.com.cn/common/js/dianzan.js]
[t4.chei.com.cn/chsi/images/news/chsiwx.jpg]
[t2.chei.com.cn/chsi/images/news/wb_gk.jpg]
[t1.chei.com.cn/chsi/images/news/wb_yz.jpg]
[www.chsi.com.cn/xlcx/200710/20071019/1407132.html]
[www.chsi.com.cn/xlcx/xlcs.html]
[t3.chei.com.cn/common/js/gototop2.0.js]
[t4.chei.com.cn/chsi/images/xjbgSample.gif]
[t1.chei.com.cn/chsi/images/yzbg/xjbg-samplefe40.png]
[t2.chei.com.cn/chsi/images/xlbgSample.gif]
[t3.chei.com.cn/chsi/images/yzbg/xlbg-sample92dc.png]
[t4.chei.com.cn/chsi/images/yzbg/xlbg-sample-2018064a.png]
[www.chsi.com.cn/xlcx/ybdb.html]
[t3.chei.com.cn/chsi/js/leftMenu.js]
[t1.chei.com.cn/common/wap/js/wap.min.js]
[t3.chei.com.cn/chsi/css/wap/bab_wap.min7791.css]
[t4.chei.com.cn/chsi/css/common2014.css]
[www.chsi.com.cn/xlcx/yb_bgys.html]
[t4.chei.com.cn/chsi/js/leftMenu.js]
[www.chsi.com.cn/xlcx/yb_bgys_xj.html]
[t1.chei.com.cn/common/js/gototop2.0.js]
[www.chsi.com.cn/xlcx/dzzcgd.html]
[www.chsi.com.cn/xlcx/xsglgd.html]
[www.chsi.com.cn/xlcx/GET.html]
[t4.chei.com.cn/chsi/css/common2014a0a3.css]
[t4.chei.com.cn/chsi/images/2014/logo.png]
[t4.chei.com.cn/chsi/images/2014/logo2x.png]
[t4.chei.com.cn/chsi/images/2014/title4905.png]
[t4.chei.com.cn/chsi/images/2014/title2x4905.png]
[t4.chei.com.cn/chsi/images/2014/vline.gif]
[t4.chei.com.cn/chsi/images/2014/icon_list.png]
[t4.chei.com.cn/chsi/images/2014/print.png]
[t4.chei.com.cn/chsi/css/common2014b2e3.css]
[t1.chei.com.cn/common/ch/font/iconfontcf58.eot]
[t1.chei.com.cn/common/ch/font/iconfontcf58.woff]
[t1.chei.com.cn/common/ch/font/iconfontcf58.ttf]
[t1.chei.com.cn/common/ch/iconfontb2e3.css]
[t4.chei.com.cn/chsi/images/2014/vlinefef0.png]
[t1.chei.com.cn/chsi/xlcx/lscx/css/min/lscx.minbead.css]
[t1.chei.com.cn/common/plugins/dialog/6.0.5/css/ui-dialogb2e3.css]
[t1.chei.com.cn/common/jquery/1.9.1/jquery.min.js]
[t1.chei.com.cn/common/plugins/dialog/6.0.5/dialog-min.js]
[t1.chei.com.cn/common/plugins/validation/jquery.validate.min.js]
[t4.chei.com.cn/chsi/xlcx/lscx/js/form-validation.js]
[t2.chei.com.cn/chsi/xlcx/lscx/js/show-tips.js]
[t2.chei.com.cn/chsi/images/news/chsi-logo88fe.png]
[t1.chei.com.cn/chsi/css/news-1.0.1.min.css]
[t1.chei.com.cn/common/jquery/1.8.3/jquery.min.js]
[t1.chei.com.cn/common/js/dianzan.js]
[t3.chei.com.cn/common/js/gototop2.0.js]
[t4.chei.com.cn/chsi/css/common2014.css]
[t4.chei.com.cn/chsi/js/leftMenu.js]
[t4.chei.com.cn/chsi/css/common2014a0a3.css]
[t4.chei.com.cn/common/css/dianzan.css]
[t1.chei.com.cn/common/ch/font/iconfontcf58.svg]
[t1.chei.com.cn/common/ch/iconfont.css]
[t4.chei.com.cn/common/images/dianzan_bg.png]
[t4.chei.com.cn/common/css/dianzan.css]
